// Vitest Snapshot v1

exports[`MessageTable > renders correctly 1`] = `
<DocumentFragment>
  <div
    class="mb-4"
  >
    <div
      data-testid="map"
      style="width: 100%; height: 225px; position: relative; z-index: 0;"
    />
  </div>
  <hr
    class="mb-6 mt-8 h-px border-0 bg-slate-300"
  />
  <div
    class="mb-4 flex flex-grow flex-row gap-4"
  >
    <div>
      <div
        class="flex flex-row items-center gap-4"
      >
        <div
          class="flex max-w-max flex-col"
        >
          <label
            class="text-[0.7rem] text-gray-400"
            for="display-items"
          >
            ITEMS PER PAGE
          </label>
          <select
            class="h-8 rounded border border-solid border-slate-300 p-1 text-[0.7rem] text-slate-600 focus-visible:border-slate-300"
            id="display-items"
          >
            <option
              selected=""
              value="10"
            >
              10
            </option>
            <option
              value="50"
            >
              50
            </option>
            <option
              value="100"
            >
              All
            </option>
          </select>
        </div>
        <div>
          <p
            class="text-[0.7rem] uppercase text-gray-400"
          >
            PAGE 1 OF 10
          </p>
          <div
            class="flex flex-row items-center gap-1"
          >
            <button
              class="inline-block aspect-square w-8 rounded border border-slate-300 bg-white text-xs disabled:text-slate-300"
              data-page="prev"
              disabled=""
            >
              &lt;
            </button>
            <button
              class="bg-[#063360] text-white inline-block aspect-square w-8 rounded border border-slate-300 text-xs disabled:text-slate-300"
              data-page="1"
            >
              1
            </button>
            <button
              class="bg-white inline-block aspect-square w-8 rounded border border-slate-300 text-xs disabled:text-slate-300"
              data-page="2"
            >
              2
            </button>
            <button
              class="bg-white inline-block aspect-square w-8 rounded border border-slate-300 text-xs disabled:text-slate-300"
              data-page="3"
            >
              3
            </button>
            <button
              class="hidden inline-block aspect-square w-8 rounded border border-slate-300 text-xs disabled:text-slate-300"
              data-page="4"
            >
              4
            </button>
            <button
              class="hidden inline-block aspect-square w-8 rounded border border-slate-300 text-xs disabled:text-slate-300"
              data-page="5"
            >
              5
            </button>
            <button
              class="hidden inline-block aspect-square w-8 rounded border border-slate-300 text-xs disabled:text-slate-300"
              data-page="6"
            >
              6
            </button>
            <button
              class="hidden inline-block aspect-square w-8 rounded border border-slate-300 text-xs disabled:text-slate-300"
              data-page="7"
            >
              7
            </button>
            <button
              class="hidden inline-block aspect-square w-8 rounded border border-slate-300 text-xs disabled:text-slate-300"
              data-page="8"
            >
              8
            </button>
            <button
              class="hidden inline-block aspect-square w-8 rounded border border-slate-300 text-xs disabled:text-slate-300"
              data-page="9"
            >
              9
            </button>
            <button
              class="hidden inline-block aspect-square w-8 rounded border border-slate-300 text-xs disabled:text-slate-300"
              data-page="10"
            >
              10
            </button>
            <button
              class="inline-block aspect-square w-8 rounded border border-slate-300 bg-white text-xs disabled:text-slate-300"
              data-page="next"
            >
              &gt;
            </button>
          </div>
        </div>
      </div>
      <p
        class="mt-1 text-[0.7rem] text-gray-400"
      >
        SHOWING 1 - 10 of 100
      </p>
    </div>
    <div
      class="flex flex-grow flex-row justify-end gap-4"
    >
      <div
        class="flex w-full max-w-56 flex-col"
      >
        <label
          class="invisible text-[0.7rem] text-gray-400"
          for="search-box"
        >
          Search identifiers
        </label>
        <input
          class="h-8 w-full rounded border border-solid border-slate-300 p-1 text-[0.7rem] text-slate-600 focus:border-slate-300 focus:outline-none focus-visible:border-slate-300 active:border-slate-300"
          defaultvalue=""
          id="search-box"
          placeholder="Search identifiers"
          type="text"
        />
      </div>
      <div
        class="flex w-full max-w-56 flex-col"
      >
        <label
          class="text-[0.7rem] text-gray-400"
        >
          FROM - TO
        </label>
        <div
          class="relative w-full text-gray-700"
        >
          <input
            autocomplete="off"
            class="h-8 rounded border border-solid border-slate-300 p-1 text-[0.7rem] text-slate-600 focus:border-slate-300 active:border-slate-300 focus-visible:border-slate-300 w-full focus:outline-none"
            defaultvalue=""
            placeholder="DD/MM/YYYY - DD/MM/YYYY"
            role="presentation"
            type="text"
          />
          <button
            class="absolute bg-white rounded border border-solid border-slate-300 text-slate-600 right-0 h-full px-3 border-l-0"
            type="button"
          >
            <svg
              class="h-5 w-5"
              fill="none"
              stroke="currentColor"
              stroke-width="1.5"
              viewBox="0 0 24 24"
              xmlns="http://www.w3.org/2000/svg"
            >
              <path
                d="M6.75 3v2.25M17.25 3v2.25M3 18.75V7.5a2.25 2.25 0 012.25-2.25h13.5A2.25 2.25 0 0121 7.5v11.25m-18 0A2.25 2.25 0 005.25 21h13.5A2.25 2.25 0 0021 18.75m-18 0v-7.5A2.25 2.25 0 015.25 9h13.5A2.25 2.25 0 0121 11.25v7.5m-9-6h.008v.008H12v-.008zM12 15h.008v.008H12V15zm0 2.25h.008v.008H12v-.008zM9.75 15h.008v.008H9.75V15zm0 2.25h.008v.008H9.75v-.008zM7.5 15h.008v.008H7.5V15zm0 2.25h.008v.008H7.5v-.008zm6.75-4.5h.008v.008h-.008v-.008zm0 2.25h.008v.008h-.008V15zm0 2.25h.008v.008h-.008v-.008zm2.25-4.5h.008v.008H16.5v-.008zm0 2.25h.008v.008H16.5V15z"
                stroke-linecap="round"
                stroke-linejoin="round"
              />
            </svg>
          </button>
          <div
            class="transition-all ease-out duration-300 absolute z-10 mt-[1px] text-sm lg:text-xs 2xl:text-sm translate-y-4 opacity-0 hidden"
          >
            <div
              class="absolute z-20 h-4 w-4 rotate-45 mt-0.5 ml-[1.2rem] border-l border-t border-gray-300 bg-white dark:bg-slate-800 dark:border-slate-600"
            />
            <div
              class="mt-2.5 shadow-sm border border-gray-300 px-1 py-0.5 bg-white dark:bg-slate-800 dark:text-white dark:border-slate-600 rounded-lg"
            >
              <div
                class="flex flex-col lg:flex-row py-2"
              >
                <div
                  class="flex items-stretch flex-col md:flex-row space-y-4 md:space-y-0 md:space-x-1.5 md:pl-1 pr-2 lg:pr-1"
                >
                  <div
                    class="w-full md:w-[296px] md:min-w-[296px]"
                  >
                    <div
                      class="flex items-center space-x-1.5 border border-gray-300 dark:border-gray-700 rounded-md px-2 py-1.5"
                    >
                      <div
                        class="flex-none"
                      >
                        <button
                          class="dark:text-white/70 dark:hover:bg-white/10 dark:focus:bg-white/10  transition-all duration-300 hover:bg-gray-100 rounded-full p-[0.45rem] focus:ring-1 focus:ring-blue-500/50 focus:bg-blue-100/50 "
                          type="button"
                        >
                          <svg
                            class="h-5 w-5"
                            fill="none"
                            stroke="currentColor"
                            stroke-width="1.5"
                            viewBox="0 0 24 24"
                            xmlns="http://www.w3.org/2000/svg"
                          >
                            <path
                              d="M15.75 19.5L8.25 12l7.5-7.5"
                              stroke-linecap="round"
                              stroke-linejoin="round"
                            />
                          </svg>
                        </button>
                      </div>
                      <div
                        class="flex flex-1 items-center space-x-1.5"
                      >
                        <div
                          class="w-1/2"
                        >
                          <button
                            class="w-full tracking-wide dark:text-white/70 dark:hover:bg-white/10 dark:focus:bg-white/10  transition-all duration-300 px-3 py-[0.55rem] uppercase hover:bg-gray-100 rounded-md focus:ring-1 focus:ring-blue-500/50 focus:bg-blue-100/50 "
                            type="button"
                          >
                            May
                          </button>
                        </div>
                        <div
                          class="w-1/2"
                        >
                          <button
                            class="w-full tracking-wide dark:text-white/70 dark:hover:bg-white/10 dark:focus:bg-white/10  transition-all duration-300 px-3 py-[0.55rem] uppercase hover:bg-gray-100 rounded-md focus:ring-1 focus:ring-blue-500/50 focus:bg-blue-100/50 "
                            type="button"
                          >
                            2024
                          </button>
                        </div>
                      </div>
                      <div
                        class="flex-none"
                      >
                        <button
                          class="dark:text-white/70 dark:hover:bg-white/10 dark:focus:bg-white/10  transition-all duration-300 hover:bg-gray-100 rounded-full p-[0.45rem] focus:ring-1 focus:ring-blue-500/50 focus:bg-blue-100/50 "
                          type="button"
                        >
                          <svg
                            class="h-5 w-5"
                            fill="none"
                            stroke="currentColor"
                            stroke-width="1.5"
                            viewBox="0 0 24 24"
                            xmlns="http://www.w3.org/2000/svg"
                          >
                            <path
                              d="M8.25 4.5l7.5 7.5-7.5 7.5"
                              stroke-linecap="round"
                              stroke-linejoin="round"
                            />
                          </svg>
                        </button>
                      </div>
                    </div>
                    <div
                      class="px-0.5 sm:px-2 mt-0.5 min-h-[285px]"
                    >
                      <div
                        class="grid grid-cols-7 border-b border-gray-300 dark:border-gray-700 py-2"
                      >
                        <div
                          class="tracking-wide text-gray-500 text-center"
                        >
                          Sun
                        </div>
                        <div
                          class="tracking-wide text-gray-500 text-center"
                        >
                          Mon
                        </div>
                        <div
                          class="tracking-wide text-gray-500 text-center"
                        >
                          Tue
                        </div>
                        <div
                          class="tracking-wide text-gray-500 text-center"
                        >
                          Wed
                        </div>
                        <div
                          class="tracking-wide text-gray-500 text-center"
                        >
                          Thu
                        </div>
                        <div
                          class="tracking-wide text-gray-500 text-center"
                        >
                          Fri
                        </div>
                        <div
                          class="tracking-wide text-gray-500 text-center"
                        >
                          Sat
                        </div>
                      </div>
                      <div
                        class="grid grid-cols-7 gap-y-0.5 my-1"
                      >
                        <button
                          class="flex items-center justify-center w-12 h-12 lg:w-10 lg:h-10 text-gray-400"
                          type="button"
                        >
                          28
                        </button>
                        <button
                          class="flex items-center justify-center w-12 h-12 lg:w-10 lg:h-10 text-gray-400"
                          type="button"
                        >
                          29
                        </button>
                        <button
                          class="flex items-center justify-center w-12 h-12 lg:w-10 lg:h-10 text-gray-400"
                          type="button"
                        >
                          30
                        </button>
                        <button
                          class="flex items-center justify-center w-12 h-12 lg:w-10 lg:h-10"
                          type="button"
                        >
                          1
                        </button>
                        <button
                          class="flex items-center justify-center w-12 h-12 lg:w-10 lg:h-10"
                          type="button"
                        >
                          2
                        </button>
                        <button
                          class="flex items-center justify-center w-12 h-12 lg:w-10 lg:h-10"
                          type="button"
                        >
                          3
                        </button>
                        <button
                          class="flex items-center justify-center w-12 h-12 lg:w-10 lg:h-10"
                          type="button"
                        >
                          4
                        </button>
                        <button
                          class="flex items-center justify-center w-12 h-12 lg:w-10 lg:h-10"
                          type="button"
                        >
                          5
                        </button>
                        <button
                          class="flex items-center justify-center w-12 h-12 lg:w-10 lg:h-10"
                          type="button"
                        >
                          6
                        </button>
                        <button
                          class="flex items-center justify-center w-12 h-12 lg:w-10 lg:h-10"
                          type="button"
                        >
                          7
                        </button>
                        <button
                          class="flex items-center justify-center w-12 h-12 lg:w-10 lg:h-10"
                          type="button"
                        >
                          8
                        </button>
                        <button
                          class="flex items-center justify-center w-12 h-12 lg:w-10 lg:h-10"
                          type="button"
                        >
                          9
                        </button>
                        <button
                          class="flex items-center justify-center w-12 h-12 lg:w-10 lg:h-10"
                          type="button"
                        >
                          10
                        </button>
                        <button
                          class="flex items-center justify-center w-12 h-12 lg:w-10 lg:h-10"
                          type="button"
                        >
                          11
                        </button>
                        <button
                          class="flex items-center justify-center w-12 h-12 lg:w-10 lg:h-10"
                          type="button"
                        >
                          12
                        </button>
                        <button
                          class="flex items-center justify-center w-12 h-12 lg:w-10 lg:h-10"
                          type="button"
                        >
                          13
                        </button>
                        <button
                          class="flex items-center justify-center w-12 h-12 lg:w-10 lg:h-10"
                          type="button"
                        >
                          14
                        </button>
                        <button
                          class="flex items-center justify-center w-12 h-12 lg:w-10 lg:h-10"
                          type="button"
                        >
                          15
                        </button>
                        <button
                          class="flex items-center justify-center w-12 h-12 lg:w-10 lg:h-10"
                          type="button"
                        >
                          16
                        </button>
                        <button
                          class="flex items-center justify-center w-12 h-12 lg:w-10 lg:h-10"
                          type="button"
                        >
                          17
                        </button>
                        <button
                          class="flex items-center justify-center w-12 h-12 lg:w-10 lg:h-10"
                          type="button"
                        >
                          18
                        </button>
                        <button
                          class="flex items-center justify-center w-12 h-12 lg:w-10 lg:h-10"
                          type="button"
                        >
                          19
                        </button>
                        <button
                          class="flex items-center justify-center w-12 h-12 lg:w-10 lg:h-10"
                          type="button"
                        >
                          20
                        </button>
                        <button
                          class="flex items-center justify-center w-12 h-12 lg:w-10 lg:h-10"
                          type="button"
                        >
                          21
                        </button>
                        <button
                          class="flex items-center justify-center w-12 h-12 lg:w-10 lg:h-10"
                          type="button"
                        >
                          22
                        </button>
                        <button
                          class="flex items-center justify-center w-12 h-12 lg:w-10 lg:h-10"
                          type="button"
                        >
                          23
                        </button>
                        <button
                          class="flex items-center justify-center w-12 h-12 lg:w-10 lg:h-10"
                          type="button"
                        >
                          24
                        </button>
                        <button
                          class="flex items-center justify-center w-12 h-12 lg:w-10 lg:h-10"
                          type="button"
                        >
                          25
                        </button>
                        <button
                          class="flex items-center justify-center w-12 h-12 lg:w-10 lg:h-10"
                          type="button"
                        >
                          26
                        </button>
                        <button
                          class="flex items-center justify-center w-12 h-12 lg:w-10 lg:h-10"
                          type="button"
                        >
                          27
                        </button>
                        <button
                          class="flex items-center justify-center w-12 h-12 lg:w-10 lg:h-10"
                          type="button"
                        >
                          28
                        </button>
                        <button
                          class="flex items-center justify-center w-12 h-12 lg:w-10 lg:h-10"
                          type="button"
                        >
                          29
                        </button>
                        <button
                          class="flex items-center justify-center w-12 h-12 lg:w-10 lg:h-10 text-blue-500"
                          type="button"
                        >
                          30
                        </button>
                        <button
                          class="flex items-center justify-center w-12 h-12 lg:w-10 lg:h-10"
                          type="button"
                        >
                          31
                        </button>
                        <button
                          class="flex items-center justify-center w-12 h-12 lg:w-10 lg:h-10 text-gray-400"
                          type="button"
                        >
                          1
                        </button>
                        <button
                          class="flex items-center justify-center w-12 h-12 lg:w-10 lg:h-10 text-gray-400"
                          type="button"
                        >
                          2
                        </button>
                        <button
                          class="flex items-center justify-center w-12 h-12 lg:w-10 lg:h-10 text-gray-400"
                          type="button"
                        >
                          3
                        </button>
                        <button
                          class="flex items-center justify-center w-12 h-12 lg:w-10 lg:h-10 text-gray-400"
                          type="button"
                        >
                          4
                        </button>
                        <button
                          class="flex items-center justify-center w-12 h-12 lg:w-10 lg:h-10 text-gray-400"
                          type="button"
                        >
                          5
                        </button>
                        <button
                          class="flex items-center justify-center w-12 h-12 lg:w-10 lg:h-10 text-gray-400"
                          type="button"
                        >
                          6
                        </button>
                        <button
                          class="flex items-center justify-center w-12 h-12 lg:w-10 lg:h-10 text-gray-400"
                          type="button"
                        >
                          7
                        </button>
                        <button
                          class="flex items-center justify-center w-12 h-12 lg:w-10 lg:h-10 text-gray-400"
                          type="button"
                        >
                          8
                        </button>
                      </div>
                    </div>
                  </div>
                  <div
                    class="flex items-center"
                  >
                    <div
                      class="bg-blue-500 h-7 w-1 rounded-full hidden md:block bg-blue-500"
                    />
                  </div>
                  <div
                    class="w-full md:w-[296px] md:min-w-[296px]"
                  >
                    <div
                      class="flex items-center space-x-1.5 border border-gray-300 dark:border-gray-700 rounded-md px-2 py-1.5"
                    >
                      <div
                        class="flex-none"
                      >
                        <button
                          class="dark:text-white/70 dark:hover:bg-white/10 dark:focus:bg-white/10  transition-all duration-300 hover:bg-gray-100 rounded-full p-[0.45rem] focus:ring-1 focus:ring-blue-500/50 focus:bg-blue-100/50 "
                          type="button"
                        >
                          <svg
                            class="h-5 w-5"
                            fill="none"
                            stroke="currentColor"
                            stroke-width="1.5"
                            viewBox="0 0 24 24"
                            xmlns="http://www.w3.org/2000/svg"
                          >
                            <path
                              d="M15.75 19.5L8.25 12l7.5-7.5"
                              stroke-linecap="round"
                              stroke-linejoin="round"
                            />
                          </svg>
                        </button>
                      </div>
                      <div
                        class="flex flex-1 items-center space-x-1.5"
                      >
                        <div
                          class="w-1/2"
                        >
                          <button
                            class="w-full tracking-wide dark:text-white/70 dark:hover:bg-white/10 dark:focus:bg-white/10  transition-all duration-300 px-3 py-[0.55rem] uppercase hover:bg-gray-100 rounded-md focus:ring-1 focus:ring-blue-500/50 focus:bg-blue-100/50 "
                            type="button"
                          >
                            Jun
                          </button>
                        </div>
                        <div
                          class="w-1/2"
                        >
                          <button
                            class="w-full tracking-wide dark:text-white/70 dark:hover:bg-white/10 dark:focus:bg-white/10  transition-all duration-300 px-3 py-[0.55rem] uppercase hover:bg-gray-100 rounded-md focus:ring-1 focus:ring-blue-500/50 focus:bg-blue-100/50 "
                            type="button"
                          >
                            2024
                          </button>
                        </div>
                      </div>
                      <div
                        class="flex-none"
                      >
                        <button
                          class="dark:text-white/70 dark:hover:bg-white/10 dark:focus:bg-white/10  transition-all duration-300 hover:bg-gray-100 rounded-full p-[0.45rem] focus:ring-1 focus:ring-blue-500/50 focus:bg-blue-100/50 "
                          type="button"
                        >
                          <svg
                            class="h-5 w-5"
                            fill="none"
                            stroke="currentColor"
                            stroke-width="1.5"
                            viewBox="0 0 24 24"
                            xmlns="http://www.w3.org/2000/svg"
                          >
                            <path
                              d="M8.25 4.5l7.5 7.5-7.5 7.5"
                              stroke-linecap="round"
                              stroke-linejoin="round"
                            />
                          </svg>
                        </button>
                      </div>
                    </div>
                    <div
                      class="px-0.5 sm:px-2 mt-0.5 min-h-[285px]"
                    >
                      <div
                        class="grid grid-cols-7 border-b border-gray-300 dark:border-gray-700 py-2"
                      >
                        <div
                          class="tracking-wide text-gray-500 text-center"
                        >
                          Sun
                        </div>
                        <div
                          class="tracking-wide text-gray-500 text-center"
                        >
                          Mon
                        </div>
                        <div
                          class="tracking-wide text-gray-500 text-center"
                        >
                          Tue
                        </div>
                        <div
                          class="tracking-wide text-gray-500 text-center"
                        >
                          Wed
                        </div>
                        <div
                          class="tracking-wide text-gray-500 text-center"
                        >
                          Thu
                        </div>
                        <div
                          class="tracking-wide text-gray-500 text-center"
                        >
                          Fri
                        </div>
                        <div
                          class="tracking-wide text-gray-500 text-center"
                        >
                          Sat
                        </div>
                      </div>
                      <div
                        class="grid grid-cols-7 gap-y-0.5 my-1"
                      >
                        <button
                          class="flex items-center justify-center w-12 h-12 lg:w-10 lg:h-10 text-gray-400"
                          type="button"
                        >
                          26
                        </button>
                        <button
                          class="flex items-center justify-center w-12 h-12 lg:w-10 lg:h-10 text-gray-400"
                          type="button"
                        >
                          27
                        </button>
                        <button
                          class="flex items-center justify-center w-12 h-12 lg:w-10 lg:h-10 text-gray-400"
                          type="button"
                        >
                          28
                        </button>
                        <button
                          class="flex items-center justify-center w-12 h-12 lg:w-10 lg:h-10 text-gray-400"
                          type="button"
                        >
                          29
                        </button>
                        <button
                          class="flex items-center justify-center w-12 h-12 lg:w-10 lg:h-10 text-gray-400"
                          type="button"
                        >
                          30
                        </button>
                        <button
                          class="flex items-center justify-center w-12 h-12 lg:w-10 lg:h-10 text-gray-400"
                          type="button"
                        >
                          31
                        </button>
                        <button
                          class="flex items-center justify-center w-12 h-12 lg:w-10 lg:h-10"
                          type="button"
                        >
                          1
                        </button>
                        <button
                          class="flex items-center justify-center w-12 h-12 lg:w-10 lg:h-10"
                          type="button"
                        >
                          2
                        </button>
                        <button
                          class="flex items-center justify-center w-12 h-12 lg:w-10 lg:h-10"
                          type="button"
                        >
                          3
                        </button>
                        <button
                          class="flex items-center justify-center w-12 h-12 lg:w-10 lg:h-10"
                          type="button"
                        >
                          4
                        </button>
                        <button
                          class="flex items-center justify-center w-12 h-12 lg:w-10 lg:h-10"
                          type="button"
                        >
                          5
                        </button>
                        <button
                          class="flex items-center justify-center w-12 h-12 lg:w-10 lg:h-10"
                          type="button"
                        >
                          6
                        </button>
                        <button
                          class="flex items-center justify-center w-12 h-12 lg:w-10 lg:h-10"
                          type="button"
                        >
                          7
                        </button>
                        <button
                          class="flex items-center justify-center w-12 h-12 lg:w-10 lg:h-10"
                          type="button"
                        >
                          8
                        </button>
                        <button
                          class="flex items-center justify-center w-12 h-12 lg:w-10 lg:h-10"
                          type="button"
                        >
                          9
                        </button>
                        <button
                          class="flex items-center justify-center w-12 h-12 lg:w-10 lg:h-10"
                          type="button"
                        >
                          10
                        </button>
                        <button
                          class="flex items-center justify-center w-12 h-12 lg:w-10 lg:h-10"
                          type="button"
                        >
                          11
                        </button>
                        <button
                          class="flex items-center justify-center w-12 h-12 lg:w-10 lg:h-10"
                          type="button"
                        >
                          12
                        </button>
                        <button
                          class="flex items-center justify-center w-12 h-12 lg:w-10 lg:h-10"
                          type="button"
                        >
                          13
                        </button>
                        <button
                          class="flex items-center justify-center w-12 h-12 lg:w-10 lg:h-10"
                          type="button"
                        >
                          14
                        </button>
                        <button
                          class="flex items-center justify-center w-12 h-12 lg:w-10 lg:h-10"
                          type="button"
                        >
                          15
                        </button>
                        <button
                          class="flex items-center justify-center w-12 h-12 lg:w-10 lg:h-10"
                          type="button"
                        >
                          16
                        </button>
                        <button
                          class="flex items-center justify-center w-12 h-12 lg:w-10 lg:h-10"
                          type="button"
                        >
                          17
                        </button>
                        <button
                          class="flex items-center justify-center w-12 h-12 lg:w-10 lg:h-10"
                          type="button"
                        >
                          18
                        </button>
                        <button
                          class="flex items-center justify-center w-12 h-12 lg:w-10 lg:h-10"
                          type="button"
                        >
                          19
                        </button>
                        <button
                          class="flex items-center justify-center w-12 h-12 lg:w-10 lg:h-10"
                          type="button"
                        >
                          20
                        </button>
                        <button
                          class="flex items-center justify-center w-12 h-12 lg:w-10 lg:h-10"
                          type="button"
                        >
                          21
                        </button>
                        <button
                          class="flex items-center justify-center w-12 h-12 lg:w-10 lg:h-10"
                          type="button"
                        >
                          22
                        </button>
                        <button
                          class="flex items-center justify-center w-12 h-12 lg:w-10 lg:h-10"
                          type="button"
                        >
                          23
                        </button>
                        <button
                          class="flex items-center justify-center w-12 h-12 lg:w-10 lg:h-10"
                          type="button"
                        >
                          24
                        </button>
                        <button
                          class="flex items-center justify-center w-12 h-12 lg:w-10 lg:h-10"
                          type="button"
                        >
                          25
                        </button>
                        <button
                          class="flex items-center justify-center w-12 h-12 lg:w-10 lg:h-10"
                          type="button"
                        >
                          26
                        </button>
                        <button
                          class="flex items-center justify-center w-12 h-12 lg:w-10 lg:h-10"
                          type="button"
                        >
                          27
                        </button>
                        <button
                          class="flex items-center justify-center w-12 h-12 lg:w-10 lg:h-10"
                          type="button"
                        >
                          28
                        </button>
                        <button
                          class="flex items-center justify-center w-12 h-12 lg:w-10 lg:h-10"
                          type="button"
                        >
                          29
                        </button>
                        <button
                          class="flex items-center justify-center w-12 h-12 lg:w-10 lg:h-10"
                          type="button"
                        >
                          30
                        </button>
                        <button
                          class="flex items-center justify-center w-12 h-12 lg:w-10 lg:h-10 text-gray-400"
                          type="button"
                        >
                          1
                        </button>
                        <button
                          class="flex items-center justify-center w-12 h-12 lg:w-10 lg:h-10 text-gray-400"
                          type="button"
                        >
                          2
                        </button>
                        <button
                          class="flex items-center justify-center w-12 h-12 lg:w-10 lg:h-10 text-gray-400"
                          type="button"
                        >
                          3
                        </button>
                        <button
                          class="flex items-center justify-center w-12 h-12 lg:w-10 lg:h-10 text-gray-400"
                          type="button"
                        >
                          4
                        </button>
                        <button
                          class="flex items-center justify-center w-12 h-12 lg:w-10 lg:h-10 text-gray-400"
                          type="button"
                        >
                          5
                        </button>
                        <button
                          class="flex items-center justify-center w-12 h-12 lg:w-10 lg:h-10 text-gray-400"
                          type="button"
                        >
                          6
                        </button>
                      </div>
                    </div>
                  </div>
                </div>
              </div>
            </div>
          </div>
        </div>
      </div>
      <div
        class="flex flex-col"
      >
        <p
          class="invisible text-[0.7rem] uppercase"
        >
          Reset
        </p>
        <button
          class="flex aspect-square h-8 w-8 items-center justify-center rounded bg-gray-500 text-xs text-white disabled:text-slate-300"
        >
          <svg
            class="size-4 hover:animate-spin"
            fill="none"
            stroke="currentColor"
            stroke-width="2"
            viewBox="0 0 24 24"
            xmlns="http://www.w3.org/2000/svg"
          >
            <path
              d="M16.023 9.348h4.992v-.001M2.985 19.644v-4.992m0 0h4.992m-4.993 0 3.181 3.183a8.25 8.25 0 0 0 13.803-3.7M4.031 9.865a8.25 8.25 0 0 1 13.803-3.7l3.181 3.182m0-4.991v4.99"
              stroke-linecap="round"
              stroke-linejoin="round"
            />
          </svg>
        </button>
      </div>
    </div>
  </div>
  <table
    class="min-w-full table-fixed"
  >
    <caption
      class="sr-only"
    >
      Message Table
    </caption>
    <thead>
      <tr
        class="border-b border-solid border-slate-300"
      >
        <th
          class="p-2 text-left text-sm font-semibold text-gray-900 first:pl-0 last:pr-0  "
          colspan="1"
          scope="col"
        >
          <div
            class="flex cursor-pointer flex-row items-center gap-1"
          >
            Received (UTC)
            <div
              class="visible"
            >
              <svg
                class="size-5"
                fill="none"
                stroke="currentColor"
                stroke-width="1.5"
                viewBox="0 0 24 24"
                xmlns="http://www.w3.org/2000/svg"
              >
                <path
                  d="m19.5 8.25-7.5 7.5-7.5-7.5"
                  stroke-linecap="round"
                  stroke-linejoin="round"
                />
              </svg>
            </div>
          </div>
        </th>
        <th
          class="p-2 text-left text-sm font-semibold text-gray-900 first:pl-0 last:pr-0  "
          colspan="1"
          scope="col"
        >
          <div
            class="flex cursor-pointer flex-row items-center gap-1"
          >
            Identifier
            <div
              class="invisible"
            >
              <svg
                class="size-5"
                fill="none"
                stroke="currentColor"
                stroke-width="1.5"
                viewBox="0 0 24 24"
                xmlns="http://www.w3.org/2000/svg"
              >
                <path
                  d="m19.5 8.25-7.5 7.5-7.5-7.5"
                  stroke-linecap="round"
                  stroke-linejoin="round"
                />
              </svg>
            </div>
          </div>
        </th>
        <th
          class="p-2 text-left text-sm font-semibold text-gray-900 first:pl-0 last:pr-0  hidden md:table-cell"
          colspan="1"
          scope="col"
        >
          <div
            class="flex cursor-pointer flex-row items-center gap-1"
          >
            Direction
            <div
              class="invisible"
            >
              <svg
                class="size-5"
                fill="none"
                stroke="currentColor"
                stroke-width="1.5"
                viewBox="0 0 24 24"
                xmlns="http://www.w3.org/2000/svg"
              >
                <path
                  d="m19.5 8.25-7.5 7.5-7.5-7.5"
                  stroke-linecap="round"
                  stroke-linejoin="round"
                />
              </svg>
            </div>
          </div>
        </th>
        <th
          class="p-2 text-left text-sm font-semibold text-gray-900 first:pl-0 last:pr-0  hidden md:table-cell"
          colspan="1"
          scope="col"
        >
          State
        </th>
        <th
          class="p-2 text-left text-sm font-semibold text-gray-900 first:pl-0 last:pr-0  hidden sm:table-cell"
          colspan="1"
          scope="col"
        >
          <div
            class="flex cursor-pointer flex-row items-center gap-1"
          >
            Size
            <div
              class="invisible"
            >
              <svg
                class="size-5"
                fill="none"
                stroke="currentColor"
                stroke-width="1.5"
                viewBox="0 0 24 24"
                xmlns="http://www.w3.org/2000/svg"
              >
                <path
                  d="m19.5 8.25-7.5 7.5-7.5-7.5"
                  stroke-linecap="round"
                  stroke-linejoin="round"
                />
              </svg>
            </div>
          </div>
        </th>
        <th
          class="p-2 text-left text-sm font-semibold text-gray-900 first:pl-0 last:pr-0  hidden lg:table-cell"
          colspan="1"
          scope="col"
        >
          Payload
        </th>
      </tr>
    </thead>
    <tbody>
      <tr
        class="cursor-pointer border-b border-solid border-slate-300 text-gray-500 hover:bg-slate-300 hover:text-gray-700"
      >
        <td
          class="p-2 text-left text-sm first:pl-0 last:pr-0 whitespace-nowrap"
          colspan="1"
        >
          20 Dec 2020 23:10:31
          <dl
            class="flex flex-row items-center sm:hidden"
          >
            <dt
              class="sr-only"
            >
              Direction
            </dt>
            <dd
              class="inline"
            >
              <svg
                class="size-4 text-blue-600"
                fill="none"
                stroke="currentColor"
                stroke-width="2"
                viewBox="0 0 24 24"
                xmlns="http://www.w3.org/2000/svg"
              >
                <path
                  d="M19.5 13.5 12 21m0 0-7.5-7.5M12 21V3"
                  stroke-linecap="round"
                  stroke-linejoin="round"
                />
              </svg>
            </dd>
            <dt
              class="sr-only"
            >
              Size
            </dt>
            <dd
              class="inline"
            >
              292 B
            </dd>
          </dl>
        </td>
        <td
          class="p-2 text-left text-sm first:pl-0 last:pr-0 truncate max-w-[200px] xs:max-w-none"
          colspan="1"
        >
          b441c17c-d1de-4781-b7e8-39a2713c0d6a
        </td>
        <td
          class="p-2 text-left text-sm first:pl-0 last:pr-0 hidden md:table-cell"
          colspan="1"
        >
          <svg
            class="size-4 text-blue-600"
            fill="none"
            stroke="currentColor"
            stroke-width="2"
            viewBox="0 0 24 24"
            xmlns="http://www.w3.org/2000/svg"
          >
            <path
              d="M19.5 13.5 12 21m0 0-7.5-7.5M12 21V3"
              stroke-linecap="round"
              stroke-linejoin="round"
            />
          </svg>
        </td>
        <td
          class="p-2 text-left text-sm first:pl-0 last:pr-0 hidden sm:table-cell whitespace-nowrap"
          colspan="1"
        >
          <div
            class="flex items-center justify-center rounded bg-red-400 px-1 text-[10px] uppercase text-white"
          >
            Falling
          </div>
        </td>
        <td
          class="p-2 text-left text-sm first:pl-0 last:pr-0 hidden sm:table-cell whitespace-nowrap"
          colspan="1"
        >
          292 B
        </td>
        <td
          class="p-2 text-left text-sm first:pl-0 last:pr-0 hidden lg:table-cell truncate lg:max-w-sm"
          colspan="1"
        >
          eyJ0ZW1wZXJhdHVyZSI6eyJ2YWx1ZSI6LTEwLCJ1bml0IjoiQyJ9LCJoZWlnaHQiOnsidmFsdWUiOiIxOC4xNiIsInVuaXQiOiJNIn0sInNwZWVkIjp7InZhbHVlIjoiOC44MiIsInVuaXQiOiJNL3MifSwiYmF0dGVyeSI6eyJ2YWx1ZSI6NDQsInVuaXQiOiIlIn0sImFsYXJtIjp0cnVlLCJzdGF0ZSI6IkZhbGxpbmciLCJveHlnZW4iOnsidmFsdWUiOjIyLCJ1bml0IjoibWcvTCJ9fQ==
        </td>
      </tr>
      <tr
        class="cursor-pointer border-b border-solid border-slate-300 text-gray-500 hover:bg-slate-300 hover:text-gray-700"
      >
        <td
          class="p-2 text-left text-sm first:pl-0 last:pr-0 whitespace-nowrap"
          colspan="1"
        >
          14 Dec 2020 12:21:33
          <dl
            class="flex flex-row items-center sm:hidden"
          >
            <dt
              class="sr-only"
            >
              Direction
            </dt>
            <dd
              class="inline"
            >
              <svg
                class="size-4 text-blue-600"
                fill="none"
                stroke="currentColor"
                stroke-width="2"
                viewBox="0 0 24 24"
                xmlns="http://www.w3.org/2000/svg"
              >
                <path
                  d="M19.5 13.5 12 21m0 0-7.5-7.5M12 21V3"
                  stroke-linecap="round"
                  stroke-linejoin="round"
                />
              </svg>
            </dd>
            <dt
              class="sr-only"
            >
              Size
            </dt>
            <dd
              class="inline"
            >
              288 B
            </dd>
          </dl>
        </td>
        <td
          class="p-2 text-left text-sm first:pl-0 last:pr-0 truncate max-w-[200px] xs:max-w-none"
          colspan="1"
        >
          c129d49e-a858-40d2-9945-0bb71b50971b
        </td>
        <td
          class="p-2 text-left text-sm first:pl-0 last:pr-0 hidden md:table-cell"
          colspan="1"
        >
          <svg
            class="size-4 text-blue-600"
            fill="none"
            stroke="currentColor"
            stroke-width="2"
            viewBox="0 0 24 24"
            xmlns="http://www.w3.org/2000/svg"
          >
            <path
              d="M19.5 13.5 12 21m0 0-7.5-7.5M12 21V3"
              stroke-linecap="round"
              stroke-linejoin="round"
            />
          </svg>
        </td>
        <td
          class="p-2 text-left text-sm first:pl-0 last:pr-0 hidden sm:table-cell whitespace-nowrap"
          colspan="1"
        >
          <div
            class="flex items-center justify-center rounded bg-green-400 px-1 text-[10px] uppercase text-white"
          >
            Constant
          </div>
        </td>
        <td
          class="p-2 text-left text-sm first:pl-0 last:pr-0 hidden sm:table-cell whitespace-nowrap"
          colspan="1"
        >
          288 B
        </td>
        <td
          class="p-2 text-left text-sm first:pl-0 last:pr-0 hidden lg:table-cell truncate lg:max-w-sm"
          colspan="1"
        >
          eyJ0ZW1wZXJhdHVyZSI6eyJ2YWx1ZSI6NywidW5pdCI6IkMifSwiaGVpZ2h0Ijp7InZhbHVlIjoiNy45MyIsInVuaXQiOiJNIn0sInNwZWVkIjp7InZhbHVlIjoiMTAuODYiLCJ1bml0IjoiTS9zIn0sImJhdHRlcnkiOnsidmFsdWUiOjM3LCJ1bml0IjoiJSJ9LCJhbGFybSI6dHJ1ZSwic3RhdGUiOiJDb25zdGFudCIsIm94eWdlbiI6eyJ2YWx1ZSI6MjMsInVuaXQiOiJtZy9MIn19
        </td>
      </tr>
      <tr
        class="cursor-pointer border-b border-solid border-slate-300 text-gray-500 hover:bg-slate-300 hover:text-gray-700"
      >
        <td
          class="p-2 text-left text-sm first:pl-0 last:pr-0 whitespace-nowrap"
          colspan="1"
        >
          13 Dec 2020 06:58:07
          <dl
            class="flex flex-row items-center sm:hidden"
          >
            <dt
              class="sr-only"
            >
              Direction
            </dt>
            <dd
              class="inline"
            >
              <svg
                class="size-4 text-blue-600"
                fill="none"
                stroke="currentColor"
                stroke-width="2"
                viewBox="0 0 24 24"
                xmlns="http://www.w3.org/2000/svg"
              >
                <path
                  d="M19.5 13.5 12 21m0 0-7.5-7.5M12 21V3"
                  stroke-linecap="round"
                  stroke-linejoin="round"
                />
              </svg>
            </dd>
            <dt
              class="sr-only"
            >
              Size
            </dt>
            <dd
              class="inline"
            >
              284 B
            </dd>
          </dl>
        </td>
        <td
          class="p-2 text-left text-sm first:pl-0 last:pr-0 truncate max-w-[200px] xs:max-w-none"
          colspan="1"
        >
          c129d49e-a858-40d2-9945-0bb71b50971b
        </td>
        <td
          class="p-2 text-left text-sm first:pl-0 last:pr-0 hidden md:table-cell"
          colspan="1"
        >
          <svg
            class="size-4 text-blue-600"
            fill="none"
            stroke="currentColor"
            stroke-width="2"
            viewBox="0 0 24 24"
            xmlns="http://www.w3.org/2000/svg"
          >
            <path
              d="M19.5 13.5 12 21m0 0-7.5-7.5M12 21V3"
              stroke-linecap="round"
              stroke-linejoin="round"
            />
          </svg>
        </td>
        <td
          class="p-2 text-left text-sm first:pl-0 last:pr-0 hidden sm:table-cell whitespace-nowrap"
          colspan="1"
        >
          <div
            class="flex items-center justify-center rounded bg-yellow-400 px-1 text-[10px] uppercase text-slate-800"
          >
            Rising
          </div>
        </td>
        <td
          class="p-2 text-left text-sm first:pl-0 last:pr-0 hidden sm:table-cell whitespace-nowrap"
          colspan="1"
        >
          284 B
        </td>
        <td
          class="p-2 text-left text-sm first:pl-0 last:pr-0 hidden lg:table-cell truncate lg:max-w-sm"
          colspan="1"
        >
          eyJ0ZW1wZXJhdHVyZSI6eyJ2YWx1ZSI6NiwidW5pdCI6IkMifSwiaGVpZ2h0Ijp7InZhbHVlIjoiMS4xMiIsInVuaXQiOiJNIn0sInNwZWVkIjp7InZhbHVlIjoiOC4xOSIsInVuaXQiOiJNL3MifSwiYmF0dGVyeSI6eyJ2YWx1ZSI6NTUsInVuaXQiOiIlIn0sImFsYXJtIjp0cnVlLCJzdGF0ZSI6IlJpc2luZyIsIm94eWdlbiI6eyJ2YWx1ZSI6MjEsInVuaXQiOiJtZy9MIn19
        </td>
      </tr>
      <tr
        class="cursor-pointer border-b border-solid border-slate-300 text-gray-500 hover:bg-slate-300 hover:text-gray-700"
      >
        <td
          class="p-2 text-left text-sm first:pl-0 last:pr-0 whitespace-nowrap"
          colspan="1"
        >
          11 Dec 2020 06:25:15
          <dl
            class="flex flex-row items-center sm:hidden"
          >
            <dt
              class="sr-only"
            >
              Direction
            </dt>
            <dd
              class="inline"
            >
              <svg
                class="size-4 text-blue-600"
                fill="none"
                stroke="currentColor"
                stroke-width="2"
                viewBox="0 0 24 24"
                xmlns="http://www.w3.org/2000/svg"
              >
                <path
                  d="M19.5 13.5 12 21m0 0-7.5-7.5M12 21V3"
                  stroke-linecap="round"
                  stroke-linejoin="round"
                />
              </svg>
            </dd>
            <dt
              class="sr-only"
            >
              Size
            </dt>
            <dd
              class="inline"
            >
              288 B
            </dd>
          </dl>
        </td>
        <td
          class="p-2 text-left text-sm first:pl-0 last:pr-0 truncate max-w-[200px] xs:max-w-none"
          colspan="1"
        >
          b441c17c-d1de-4781-b7e8-39a2713c0d6a
        </td>
        <td
          class="p-2 text-left text-sm first:pl-0 last:pr-0 hidden md:table-cell"
          colspan="1"
        >
          <svg
            class="size-4 text-blue-600"
            fill="none"
            stroke="currentColor"
            stroke-width="2"
            viewBox="0 0 24 24"
            xmlns="http://www.w3.org/2000/svg"
          >
            <path
              d="M19.5 13.5 12 21m0 0-7.5-7.5M12 21V3"
              stroke-linecap="round"
              stroke-linejoin="round"
            />
          </svg>
        </td>
        <td
          class="p-2 text-left text-sm first:pl-0 last:pr-0 hidden sm:table-cell whitespace-nowrap"
          colspan="1"
        >
          <div
            class="flex items-center justify-center rounded bg-yellow-400 px-1 text-[10px] uppercase text-slate-800"
          >
            Rising
          </div>
        </td>
        <td
          class="p-2 text-left text-sm first:pl-0 last:pr-0 hidden sm:table-cell whitespace-nowrap"
          colspan="1"
        >
          288 B
        </td>
        <td
          class="p-2 text-left text-sm first:pl-0 last:pr-0 hidden lg:table-cell truncate lg:max-w-sm"
          colspan="1"
        >
          eyJ0ZW1wZXJhdHVyZSI6eyJ2YWx1ZSI6OCwidW5pdCI6IkMifSwiaGVpZ2h0Ijp7InZhbHVlIjoiNy43NCIsInVuaXQiOiJNIn0sInNwZWVkIjp7InZhbHVlIjoiMTIuOTMiLCJ1bml0IjoiTS9zIn0sImJhdHRlcnkiOnsidmFsdWUiOjU1LCJ1bml0IjoiJSJ9LCJhbGFybSI6dHJ1ZSwic3RhdGUiOiJSaXNpbmciLCJveHlnZW4iOnsidmFsdWUiOjM1LCJ1bml0IjoibWcvTCJ9fQ==
        </td>
      </tr>
      <tr
        class="cursor-pointer border-b border-solid border-slate-300 text-gray-500 hover:bg-slate-300 hover:text-gray-700"
      >
        <td
          class="p-2 text-left text-sm first:pl-0 last:pr-0 whitespace-nowrap"
          colspan="1"
        >
          8 Dec 2020 18:24:00
          <dl
            class="flex flex-row items-center sm:hidden"
          >
            <dt
              class="sr-only"
            >
              Direction
            </dt>
            <dd
              class="inline"
            >
              <svg
                class="size-4 text-blue-600"
                fill="none"
                stroke="currentColor"
                stroke-width="2"
                viewBox="0 0 24 24"
                xmlns="http://www.w3.org/2000/svg"
              >
                <path
                  d="M19.5 13.5 12 21m0 0-7.5-7.5M12 21V3"
                  stroke-linecap="round"
                  stroke-linejoin="round"
                />
              </svg>
            </dd>
            <dt
              class="sr-only"
            >
              Size
            </dt>
            <dd
              class="inline"
            >
              292 B
            </dd>
          </dl>
        </td>
        <td
          class="p-2 text-left text-sm first:pl-0 last:pr-0 truncate max-w-[200px] xs:max-w-none"
          colspan="1"
        >
          c129d49e-a858-40d2-9945-0bb71b50971b
        </td>
        <td
          class="p-2 text-left text-sm first:pl-0 last:pr-0 hidden md:table-cell"
          colspan="1"
        >
          <svg
            class="size-4 text-blue-600"
            fill="none"
            stroke="currentColor"
            stroke-width="2"
            viewBox="0 0 24 24"
            xmlns="http://www.w3.org/2000/svg"
          >
            <path
              d="M19.5 13.5 12 21m0 0-7.5-7.5M12 21V3"
              stroke-linecap="round"
              stroke-linejoin="round"
            />
          </svg>
        </td>
        <td
          class="p-2 text-left text-sm first:pl-0 last:pr-0 hidden sm:table-cell whitespace-nowrap"
          colspan="1"
        >
          <div
            class="flex items-center justify-center rounded bg-green-400 px-1 text-[10px] uppercase text-white"
          >
            Constant
          </div>
        </td>
        <td
          class="p-2 text-left text-sm first:pl-0 last:pr-0 hidden sm:table-cell whitespace-nowrap"
          colspan="1"
        >
          292 B
        </td>
        <td
          class="p-2 text-left text-sm first:pl-0 last:pr-0 hidden lg:table-cell truncate lg:max-w-sm"
          colspan="1"
        >
          eyJ0ZW1wZXJhdHVyZSI6eyJ2YWx1ZSI6NSwidW5pdCI6IkMifSwiaGVpZ2h0Ijp7InZhbHVlIjoiMTMuMjYiLCJ1bml0IjoiTSJ9LCJzcGVlZCI6eyJ2YWx1ZSI6IjE4LjU2IiwidW5pdCI6Ik0vcyJ9LCJiYXR0ZXJ5Ijp7InZhbHVlIjo5MywidW5pdCI6IiUifSwiYWxhcm0iOmZhbHNlLCJzdGF0ZSI6IkNvbnN0YW50Iiwib3h5Z2VuIjp7InZhbHVlIjo0LCJ1bml0IjoibWcvTCJ9fQ==
        </td>
      </tr>
      <tr
        class="cursor-pointer border-b border-solid border-slate-300 text-gray-500 hover:bg-slate-300 hover:text-gray-700"
      >
        <td
          class="p-2 text-left text-sm first:pl-0 last:pr-0 whitespace-nowrap"
          colspan="1"
        >
          1 Dec 2020 11:49:04
          <dl
            class="flex flex-row items-center sm:hidden"
          >
            <dt
              class="sr-only"
            >
              Direction
            </dt>
            <dd
              class="inline"
            >
              <svg
                class="size-4 text-blue-600"
                fill="none"
                stroke="currentColor"
                stroke-width="2"
                viewBox="0 0 24 24"
                xmlns="http://www.w3.org/2000/svg"
              >
                <path
                  d="M19.5 13.5 12 21m0 0-7.5-7.5M12 21V3"
                  stroke-linecap="round"
                  stroke-linejoin="round"
                />
              </svg>
            </dd>
            <dt
              class="sr-only"
            >
              Size
            </dt>
            <dd
              class="inline"
            >
              288 B
            </dd>
          </dl>
        </td>
        <td
          class="p-2 text-left text-sm first:pl-0 last:pr-0 truncate max-w-[200px] xs:max-w-none"
          colspan="1"
        >
          b441c17c-d1de-4781-b7e8-39a2713c0d6a
        </td>
        <td
          class="p-2 text-left text-sm first:pl-0 last:pr-0 hidden md:table-cell"
          colspan="1"
        >
          <svg
            class="size-4 text-blue-600"
            fill="none"
            stroke="currentColor"
            stroke-width="2"
            viewBox="0 0 24 24"
            xmlns="http://www.w3.org/2000/svg"
          >
            <path
              d="M19.5 13.5 12 21m0 0-7.5-7.5M12 21V3"
              stroke-linecap="round"
              stroke-linejoin="round"
            />
          </svg>
        </td>
        <td
          class="p-2 text-left text-sm first:pl-0 last:pr-0 hidden sm:table-cell whitespace-nowrap"
          colspan="1"
        >
          <div
            class="flex items-center justify-center rounded bg-red-400 px-1 text-[10px] uppercase text-white"
          >
            Falling
          </div>
        </td>
        <td
          class="p-2 text-left text-sm first:pl-0 last:pr-0 hidden sm:table-cell whitespace-nowrap"
          colspan="1"
        >
          288 B
        </td>
        <td
          class="p-2 text-left text-sm first:pl-0 last:pr-0 hidden lg:table-cell truncate lg:max-w-sm"
          colspan="1"
        >
          eyJ0ZW1wZXJhdHVyZSI6eyJ2YWx1ZSI6LTIsInVuaXQiOiJDIn0sImhlaWdodCI6eyJ2YWx1ZSI6IjQuMjQiLCJ1bml0IjoiTSJ9LCJzcGVlZCI6eyJ2YWx1ZSI6IjE3LjA2IiwidW5pdCI6Ik0vcyJ9LCJiYXR0ZXJ5Ijp7InZhbHVlIjo0MiwidW5pdCI6IiUifSwiYWxhcm0iOnRydWUsInN0YXRlIjoiRmFsbGluZyIsIm94eWdlbiI6eyJ2YWx1ZSI6MjAsInVuaXQiOiJtZy9MIn19
        </td>
      </tr>
      <tr
        class="cursor-pointer border-b border-solid border-slate-300 text-gray-500 hover:bg-slate-300 hover:text-gray-700"
      >
        <td
          class="p-2 text-left text-sm first:pl-0 last:pr-0 whitespace-nowrap"
          colspan="1"
        >
          29 Nov 2020 04:58:34
          <dl
            class="flex flex-row items-center sm:hidden"
          >
            <dt
              class="sr-only"
            >
              Direction
            </dt>
            <dd
              class="inline"
            >
              <svg
                class="size-4 text-blue-600"
                fill="none"
                stroke="currentColor"
                stroke-width="2"
                viewBox="0 0 24 24"
                xmlns="http://www.w3.org/2000/svg"
              >
                <path
                  d="M19.5 13.5 12 21m0 0-7.5-7.5M12 21V3"
                  stroke-linecap="round"
                  stroke-linejoin="round"
                />
              </svg>
            </dd>
            <dt
              class="sr-only"
            >
              Size
            </dt>
            <dd
              class="inline"
            >
              292 B
            </dd>
          </dl>
        </td>
        <td
          class="p-2 text-left text-sm first:pl-0 last:pr-0 truncate max-w-[200px] xs:max-w-none"
          colspan="1"
        >
          eeb90cb9-44ca-4ab3-8d5b-d87379f60de0
        </td>
        <td
          class="p-2 text-left text-sm first:pl-0 last:pr-0 hidden md:table-cell"
          colspan="1"
        >
          <svg
            class="size-4 text-blue-600"
            fill="none"
            stroke="currentColor"
            stroke-width="2"
            viewBox="0 0 24 24"
            xmlns="http://www.w3.org/2000/svg"
          >
            <path
              d="M19.5 13.5 12 21m0 0-7.5-7.5M12 21V3"
              stroke-linecap="round"
              stroke-linejoin="round"
            />
          </svg>
        </td>
        <td
          class="p-2 text-left text-sm first:pl-0 last:pr-0 hidden sm:table-cell whitespace-nowrap"
          colspan="1"
        >
          <div
            class="flex items-center justify-center rounded bg-green-400 px-1 text-[10px] uppercase text-white"
          >
            Constant
          </div>
        </td>
        <td
          class="p-2 text-left text-sm first:pl-0 last:pr-0 hidden sm:table-cell whitespace-nowrap"
          colspan="1"
        >
          292 B
        </td>
        <td
          class="p-2 text-left text-sm first:pl-0 last:pr-0 hidden lg:table-cell truncate lg:max-w-sm"
          colspan="1"
        >
          eyJ0ZW1wZXJhdHVyZSI6eyJ2YWx1ZSI6LTEwLCJ1bml0IjoiQyJ9LCJoZWlnaHQiOnsidmFsdWUiOiI3Ljg1IiwidW5pdCI6Ik0ifSwic3BlZWQiOnsidmFsdWUiOiIxNS45NyIsInVuaXQiOiJNL3MifSwiYmF0dGVyeSI6eyJ2YWx1ZSI6OTcsInVuaXQiOiIlIn0sImFsYXJtIjp0cnVlLCJzdGF0ZSI6IkNvbnN0YW50Iiwib3h5Z2VuIjp7InZhbHVlIjo0NCwidW5pdCI6Im1nL0wifX0=
        </td>
      </tr>
      <tr
        class="cursor-pointer border-b border-solid border-slate-300 text-gray-500 hover:bg-slate-300 hover:text-gray-700"
      >
        <td
          class="p-2 text-left text-sm first:pl-0 last:pr-0 whitespace-nowrap"
          colspan="1"
        >
          17 Nov 2020 03:17:42
          <dl
            class="flex flex-row items-center sm:hidden"
          >
            <dt
              class="sr-only"
            >
              Direction
            </dt>
            <dd
              class="inline"
            >
              <svg
                class="size-4 text-blue-600"
                fill="none"
                stroke="currentColor"
                stroke-width="2"
                viewBox="0 0 24 24"
                xmlns="http://www.w3.org/2000/svg"
              >
                <path
                  d="M19.5 13.5 12 21m0 0-7.5-7.5M12 21V3"
                  stroke-linecap="round"
                  stroke-linejoin="round"
                />
              </svg>
            </dd>
            <dt
              class="sr-only"
            >
              Size
            </dt>
            <dd
              class="inline"
            >
              288 B
            </dd>
          </dl>
        </td>
        <td
          class="p-2 text-left text-sm first:pl-0 last:pr-0 truncate max-w-[200px] xs:max-w-none"
          colspan="1"
        >
          ea7e3611-a61f-4e6d-996d-063a2e890195
        </td>
        <td
          class="p-2 text-left text-sm first:pl-0 last:pr-0 hidden md:table-cell"
          colspan="1"
        >
          <svg
            class="size-4 text-blue-600"
            fill="none"
            stroke="currentColor"
            stroke-width="2"
            viewBox="0 0 24 24"
            xmlns="http://www.w3.org/2000/svg"
          >
            <path
              d="M19.5 13.5 12 21m0 0-7.5-7.5M12 21V3"
              stroke-linecap="round"
              stroke-linejoin="round"
            />
          </svg>
        </td>
        <td
          class="p-2 text-left text-sm first:pl-0 last:pr-0 hidden sm:table-cell whitespace-nowrap"
          colspan="1"
        >
          <div
            class="flex items-center justify-center rounded bg-red-400 px-1 text-[10px] uppercase text-white"
          >
            Falling
          </div>
        </td>
        <td
          class="p-2 text-left text-sm first:pl-0 last:pr-0 hidden sm:table-cell whitespace-nowrap"
          colspan="1"
        >
          288 B
        </td>
        <td
          class="p-2 text-left text-sm first:pl-0 last:pr-0 hidden lg:table-cell truncate lg:max-w-sm"
          colspan="1"
        >
          eyJ0ZW1wZXJhdHVyZSI6eyJ2YWx1ZSI6NywidW5pdCI6IkMifSwiaGVpZ2h0Ijp7InZhbHVlIjoiMTcuNzciLCJ1bml0IjoiTSJ9LCJzcGVlZCI6eyJ2YWx1ZSI6IjUuNDIiLCJ1bml0IjoiTS9zIn0sImJhdHRlcnkiOnsidmFsdWUiOjU3LCJ1bml0IjoiJSJ9LCJhbGFybSI6ZmFsc2UsInN0YXRlIjoiRmFsbGluZyIsIm94eWdlbiI6eyJ2YWx1ZSI6NywidW5pdCI6Im1nL0wifX0=
        </td>
      </tr>
      <tr
        class="cursor-pointer border-b border-solid border-slate-300 text-gray-500 hover:bg-slate-300 hover:text-gray-700"
      >
        <td
          class="p-2 text-left text-sm first:pl-0 last:pr-0 whitespace-nowrap"
          colspan="1"
        >
          30 Oct 2020 11:08:22
          <dl
            class="flex flex-row items-center sm:hidden"
          >
            <dt
              class="sr-only"
            >
              Direction
            </dt>
            <dd
              class="inline"
            >
              <svg
                class="size-4 text-blue-600"
                fill="none"
                stroke="currentColor"
                stroke-width="2"
                viewBox="0 0 24 24"
                xmlns="http://www.w3.org/2000/svg"
              >
                <path
                  d="M19.5 13.5 12 21m0 0-7.5-7.5M12 21V3"
                  stroke-linecap="round"
                  stroke-linejoin="round"
                />
              </svg>
            </dd>
            <dt
              class="sr-only"
            >
              Size
            </dt>
            <dd
              class="inline"
            >
              288 B
            </dd>
          </dl>
        </td>
        <td
          class="p-2 text-left text-sm first:pl-0 last:pr-0 truncate max-w-[200px] xs:max-w-none"
          colspan="1"
        >
          821ef78d-4b53-4bf4-83d5-686ad81deb48
        </td>
        <td
          class="p-2 text-left text-sm first:pl-0 last:pr-0 hidden md:table-cell"
          colspan="1"
        >
          <svg
            class="size-4 text-blue-600"
            fill="none"
            stroke="currentColor"
            stroke-width="2"
            viewBox="0 0 24 24"
            xmlns="http://www.w3.org/2000/svg"
          >
            <path
              d="M19.5 13.5 12 21m0 0-7.5-7.5M12 21V3"
              stroke-linecap="round"
              stroke-linejoin="round"
            />
          </svg>
        </td>
        <td
          class="p-2 text-left text-sm first:pl-0 last:pr-0 hidden sm:table-cell whitespace-nowrap"
          colspan="1"
        >
          <div
            class="flex items-center justify-center rounded bg-yellow-400 px-1 text-[10px] uppercase text-slate-800"
          >
            Rising
          </div>
        </td>
        <td
          class="p-2 text-left text-sm first:pl-0 last:pr-0 hidden sm:table-cell whitespace-nowrap"
          colspan="1"
        >
          288 B
        </td>
        <td
          class="p-2 text-left text-sm first:pl-0 last:pr-0 hidden lg:table-cell truncate lg:max-w-sm"
          colspan="1"
        >
          eyJ0ZW1wZXJhdHVyZSI6eyJ2YWx1ZSI6MjksInVuaXQiOiJDIn0sImhlaWdodCI6eyJ2YWx1ZSI6IjExLjQiLCJ1bml0IjoiTSJ9LCJzcGVlZCI6eyJ2YWx1ZSI6IjE4LjUiLCJ1bml0IjoiTS9zIn0sImJhdHRlcnkiOnsidmFsdWUiOjIwLCJ1bml0IjoiJSJ9LCJhbGFybSI6dHJ1ZSwic3RhdGUiOiJSaXNpbmciLCJveHlnZW4iOnsidmFsdWUiOjEzLCJ1bml0IjoibWcvTCJ9fQ==
        </td>
      </tr>
      <tr
        class="cursor-pointer border-b border-solid border-slate-300 text-gray-500 hover:bg-slate-300 hover:text-gray-700"
      >
        <td
          class="p-2 text-left text-sm first:pl-0 last:pr-0 whitespace-nowrap"
          colspan="1"
        >
          29 Oct 2020 23:36:29
          <dl
            class="flex flex-row items-center sm:hidden"
          >
            <dt
              class="sr-only"
            >
              Direction
            </dt>
            <dd
              class="inline"
            >
              <svg
                class="size-4 text-blue-600"
                fill="none"
                stroke="currentColor"
                stroke-width="2"
                viewBox="0 0 24 24"
                xmlns="http://www.w3.org/2000/svg"
              >
                <path
                  d="M19.5 13.5 12 21m0 0-7.5-7.5M12 21V3"
                  stroke-linecap="round"
                  stroke-linejoin="round"
                />
              </svg>
            </dd>
            <dt
              class="sr-only"
            >
              Size
            </dt>
            <dd
              class="inline"
            >
              288 B
            </dd>
          </dl>
        </td>
        <td
          class="p-2 text-left text-sm first:pl-0 last:pr-0 truncate max-w-[200px] xs:max-w-none"
          colspan="1"
        >
          b441c17c-d1de-4781-b7e8-39a2713c0d6a
        </td>
        <td
          class="p-2 text-left text-sm first:pl-0 last:pr-0 hidden md:table-cell"
          colspan="1"
        >
          <svg
            class="size-4 text-blue-600"
            fill="none"
            stroke="currentColor"
            stroke-width="2"
            viewBox="0 0 24 24"
            xmlns="http://www.w3.org/2000/svg"
          >
            <path
              d="M19.5 13.5 12 21m0 0-7.5-7.5M12 21V3"
              stroke-linecap="round"
              stroke-linejoin="round"
            />
          </svg>
        </td>
        <td
          class="p-2 text-left text-sm first:pl-0 last:pr-0 hidden sm:table-cell whitespace-nowrap"
          colspan="1"
        >
          <div
            class="flex items-center justify-center rounded bg-red-400 px-1 text-[10px] uppercase text-white"
          >
            Falling
          </div>
        </td>
        <td
          class="p-2 text-left text-sm first:pl-0 last:pr-0 hidden sm:table-cell whitespace-nowrap"
          colspan="1"
        >
          288 B
        </td>
        <td
          class="p-2 text-left text-sm first:pl-0 last:pr-0 hidden lg:table-cell truncate lg:max-w-sm"
          colspan="1"
        >
          eyJ0ZW1wZXJhdHVyZSI6eyJ2YWx1ZSI6MSwidW5pdCI6IkMifSwiaGVpZ2h0Ijp7InZhbHVlIjoiNC45NyIsInVuaXQiOiJNIn0sInNwZWVkIjp7InZhbHVlIjoiMTkuNTQiLCJ1bml0IjoiTS9zIn0sImJhdHRlcnkiOnsidmFsdWUiOjQzLCJ1bml0IjoiJSJ9LCJhbGFybSI6dHJ1ZSwic3RhdGUiOiJGYWxsaW5nIiwib3h5Z2VuIjp7InZhbHVlIjoyNiwidW5pdCI6Im1nL0wifX0=
        </td>
      </tr>
    </tbody>
  </table>
  <div
    class="mt-4 flex flex-row"
  >
    <div
      class="basis-1/2"
    >
      <div
        class="flex flex-row items-center gap-4"
      >
        <div>
          <p
            class="text-[0.7rem] uppercase text-gray-400"
          >
            PAGE 1 OF 10
          </p>
          <div
            class="flex flex-row items-center gap-1"
          >
            <button
              class="inline-block aspect-square w-8 rounded border border-slate-300 bg-white text-xs disabled:text-slate-300"
              data-page="prev"
              disabled=""
            >
              &lt;
            </button>
            <button
              class="bg-[#063360] text-white inline-block aspect-square w-8 rounded border border-slate-300 text-xs disabled:text-slate-300"
              data-page="1"
            >
              1
            </button>
            <button
              class="bg-white inline-block aspect-square w-8 rounded border border-slate-300 text-xs disabled:text-slate-300"
              data-page="2"
            >
              2
            </button>
            <button
              class="bg-white inline-block aspect-square w-8 rounded border border-slate-300 text-xs disabled:text-slate-300"
              data-page="3"
            >
              3
            </button>
            <button
              class="hidden inline-block aspect-square w-8 rounded border border-slate-300 text-xs disabled:text-slate-300"
              data-page="4"
            >
              4
            </button>
            <button
              class="hidden inline-block aspect-square w-8 rounded border border-slate-300 text-xs disabled:text-slate-300"
              data-page="5"
            >
              5
            </button>
            <button
              class="hidden inline-block aspect-square w-8 rounded border border-slate-300 text-xs disabled:text-slate-300"
              data-page="6"
            >
              6
            </button>
            <button
              class="hidden inline-block aspect-square w-8 rounded border border-slate-300 text-xs disabled:text-slate-300"
              data-page="7"
            >
              7
            </button>
            <button
              class="hidden inline-block aspect-square w-8 rounded border border-slate-300 text-xs disabled:text-slate-300"
              data-page="8"
            >
              8
            </button>
            <button
              class="hidden inline-block aspect-square w-8 rounded border border-slate-300 text-xs disabled:text-slate-300"
              data-page="9"
            >
              9
            </button>
            <button
              class="hidden inline-block aspect-square w-8 rounded border border-slate-300 text-xs disabled:text-slate-300"
              data-page="10"
            >
              10
            </button>
            <button
              class="inline-block aspect-square w-8 rounded border border-slate-300 bg-white text-xs disabled:text-slate-300"
              data-page="next"
            >
              &gt;
            </button>
          </div>
        </div>
      </div>
      <p
        class="mt-1 text-[0.7rem] text-gray-400"
      >
        SHOWING 1 - 10 of 100
      </p>
    </div>
    <div
      class="basis-1/2"
    >
      <div
        class="flex justify-end"
      >
        <div
          class="flex cursor-pointer flex-row items-center gap-1"
        >
          <p
            class="text-[0.7rem] uppercase text-gray-400"
          >
            Back to top
          </p>
          <svg
            class="size-3 text-gray-400"
            fill="none"
            stroke="currentColor"
            stroke-width="1.5"
            viewBox="0 0 24 24"
            xmlns="http://www.w3.org/2000/svg"
          >
            <path
              d="M4.5 10.5 12 3m0 0 7.5 7.5M12 3v18"
              stroke-linecap="round"
              stroke-linejoin="round"
            />
          </svg>
        </div>
      </div>
    </div>
  </div>
</DocumentFragment>
`;
